// Jest Snapshot v1, https://goo.gl/fbAQLP

exports[`should render EditExpensePage correct 1`] = `undefined`;
